[www.williambet.com/index.html]
[backblue.gif]
[fade.gif]
[index.html]
[www.williambet.com/favicon.ico]
[www.williambet.com/css/fonts/{{env.lang}}.css]
[www.williambet.com/skins/{{conf.skin}}/css/fonts/{{env.lang}}.css]
[ajax.googleapis.com/ajax/libs/angularjs/1.5.0/angular.min.js]
[ajax.googleapis.com/ajax/libs/angularjs/1.5.0/angular-route.min.js]
[ajax.googleapis.com/ajax/libs/angularjs/1.5.0/angular-animate.min.js]
[ajax.googleapis.com/ajax/libs/angularjs/1.5.0/angular-cookies.min.js]
[www.williambet.com/skins/williambet.com/css/skin.min2e5f.css]
[ajax.googleapis.com/ajax/libs/swfobject/2.2/swfobject.js]
[www.williambet.com/index.html]
[www.williambet.com/favicon.html]
[www.williambet.com/css/main.min2e5f.css]
[www.williambet.com/images/payments6687.png]
[www.williambet.com/images/animation/ssoccer13712.png]
[www.williambet.com/images/animation/gate_passive-l3712.png]
[www.williambet.com/images/animation/gate_passive3712.png]
[www.williambet.com/images/animation/soccer-timeline3712.png]
[www.williambet.com/images/animation/soccer-ball-bg3712.png]
[www.williambet.com/images/animation/tl-exchange3712.png]
[www.williambet.com/images/animation/s_ball3712.png]
[www.williambet.com/images/animation/stats_tl3712.png]
[www.williambet.com/images/animation/b_basket3712.png]
[www.williambet.com/images/animation/basketball3712.jpg]
[www.williambet.com/images/animation/basket3712.png]
[www.williambet.com/images/animation/vall3712.png]
[www.williambet.com/images/animation/t-field3712.png]
[www.williambet.com/images/animation/t-field-red3712.png]
[www.williambet.com/images/animation/t-field-green3712.png]
[www.williambet.com/images/animation/classic/field-bg-pattern3712.png]
[www.williambet.com/images/animation/classic/soccer-field-3d3712.png]
[www.williambet.com/images/animation/classic/gate-l3712.png]
[www.williambet.com/images/animation/classic/gate-r3712.png]
[www.williambet.com/images/animation/classic/tennis-field-3d3712.png]
[www.williambet.com/images/animation/classic/floor-bg-pattern3712.png]
[www.williambet.com/images/animation/classic/basketball-field-3d3712.png]
[www.williambet.com/images/animation/classic/volleyball-field-3d3712.png]
[www.williambet.com/fonts/sport/fonts/icomoon3712.eot]
[www.williambet.com/fonts/sport/fonts/icomoon3712.ttf]
[www.williambet.com/fonts/sport/fonts/icomoon3712.woff]
[www.williambet.com/fonts/sport/fonts/icomoon3712.svg]
[www.williambet.com/fonts/icomoon/fonts/icomoon3712.eot]
[www.williambet.com/fonts/icomoon/fonts/icomoon3712.ttf]
[www.williambet.com/fonts/icomoon/fonts/icomoon3712.woff]
[www.williambet.com/fonts/icomoon/fonts/icomoon3712.svg]
[www.williambet.com/images/mini-baner/football3712.jpg]
[www.williambet.com/images/mini-baner/Tennis3712.jpg]
[www.williambet.com/images/mini-baner/Volleyball3712.jpg]
[www.williambet.com/images/mini-baner/Volley-ball3712.jpg]
[www.williambet.com/images/mini-baner/Ice-hockey3712.jpg]
[www.williambet.com/images/mini-baner/Boxing3712.jpg]
[www.williambet.com/images/mini-baner/Basketball3712.jpg]
[www.williambet.com/app.mina03b.js]
[www.williambet.com/images/mini-baner/Baseball3712.jpg]
[www.williambet.com/images/mini-baner/Rugby3712.jpg]
[www.williambet.com/images/mini-baner/golf3712.jpg]
[www.williambet.com/images/mini-baner/chess3712.jpg]
[www.williambet.com/images/mini-baner/Handball3712.jpg]
[www.williambet.com/images/mini-baner/Horse-Racing3712.jpg]
[www.williambet.com/images/backgrounds/error-ld3712.jpg]
[www.williambet.com/images/free-totalizator3712.png]
[www.williambet.com/skins/williambet.com/images/live_casino_bg.jpg]
[www.williambet.com/images/poker-page-new-tournaments3712.jpg]
[www.williambet.com/images/promotabbg3712.png]
[www.williambet.com/images/windows-icon-j3712.png]
[www.williambet.com/images/mac-icon-j3712.png]
[www.williambet.com/images/linux-icon-j3712.png]
[www.williambet.com/images/android-icon3712.png]
[www.williambet.com/images/game-category/custom3712.jpg]
[www.williambet.com/images/game-category/valleyball3712.jpg]
[www.williambet.com/images/game-category/tab_tennis3712.jpg]
[www.williambet.com/images/game-category/baceball3712.jpg]
[www.williambet.com/images/game-category/badmenton3712.jpg]
[www.williambet.com/images/game-category/box3712.jpg]
[www.williambet.com/images/game-category/cycling3712.jpg]
[www.williambet.com/images/game-category/footsal3712.jpg]
[www.williambet.com/images/game-category/ice_hockey3712.jpg]
[www.williambet.com/images/game-category/horse_racing3712.jpg]
[www.williambet.com/images/game-category/snooker23712.jpg]
[www.williambet.com/images/game-category/Cricket3712.jpg]
[www.williambet.com/images/game-category/rugby3712.jpg]
[www.williambet.com/images/game-category/golf3712.jpg]
[www.williambet.com/images/game-category/handball3712.jpg]
[www.williambet.com/images/game-category/b_Volleyball3712.jpg]
[www.williambet.com/images/game-category/Wrestling13712.jpg]
[www.williambet.com/images/game-category/amer_fball3712.jpg]
[www.williambet.com/images/game-category/dota3712.jpg]
[www.williambet.com/images/game-category/league-of-legends3712.jpg]
[www.williambet.com/images/game-category/star-craft3712.jpg]
[www.williambet.com/images/game-category/counter-strike3712.jpg]
[www.williambet.com/images/game-category/callofduty3712.jpg]
[www.williambet.com/images/game-category/hearthstone3712.jpg]
[www.williambet.com/images/game-category/heroesofthestorm3712.jpg]
[www.williambet.com/images/game-category/worldoftanks3712.jpg]
[www.williambet.com/images/game-category/overwatch3712.jpg]
[www.williambet.com/skins/williambet.com/images/animation/stats_tl-hover3712.png]
[www.williambet.com/images/timeline/offside3712.png]
[www.williambet.com/images/timeline/substitute3712.png]
[www.williambet.com/images/freebet-star3712.png]
[www.williambet.com/images/timeline/penalty3712.png]
[www.williambet.com/images/timeline/angular3712.png]
[www.williambet.com/images/resizer3712.png]
[www.williambet.com/images/timeline/t-racket3712.png]
[www.williambet.com/skins/williambet.com/images/tournament-bg3712.png]
[www.williambet.com/skins/williambet.com/images/bet-list-bg3712.png]
[www.williambet.com/images/flags3712.png]
[www.williambet.com/images/game-category/Football-bg3712.jpg]
[www.williambet.com/images/game-category/tennis3712.jpg]
[www.williambet.com/images/game-category/basketball3712.jpg]
[www.williambet.com/skins/williambet.com/images/no-image-winnersn3712.png]
[www.williambet.com/skins/williambet.com/images/logo6687.png]
[www.williambet.com/images/timeline/stats_tl.png]
[www.williambet.com/images/timeline/soccer-ball-bg.png]
[www.williambet.com/images/timeline/tl-exchange.png]
[www.williambet.com/skins/williambet.com/images/custom-footer-sprite3712.png]
[www.williambet.com/images/backgrounds/about-bg13712.jpg]
[www.williambet.com/images/backgrounds/about-bg23712.jpg]
[www.williambet.com/images/backgrounds/about-map-bg.jpg]
[www.williambet.com/images/backgrounds/pool-betting-bg3712.jpg]
[www.williambet.com/images/backgrounds/pool-betting-bg3712.png]
[www.williambet.com/images/game-category-m/defauld3712.png]
[www.williambet.com/images/game-category-m/game-live-football3712.png]
[www.williambet.com/images/game-category-m/tennis3712.png]
[www.williambet.com/images/game-category-m/volleyball3712.png]
[www.williambet.com/images/game-category-m/beach-vball3712.png]
[www.williambet.com/images/game-category-m/Golf3712.png]
[www.williambet.com/images/game-category-m/AlpineSkiing3712.png]
[www.williambet.com/images/game-category-m/Formula13712.png]
[www.williambet.com/images/game-category-m/Baseball13712.png]
[www.williambet.com/images/game-category-m/Snooker3712.png]
[www.williambet.com/images/game-category-m/HorseRacing3712.png]
[www.williambet.com/images/game-category-m/WaterPolo3712.png]
[www.williambet.com/images/game-category-m/ice-hockey3712.png]
[www.williambet.com/images/game-category-m/t-tennis3712.png]
[www.williambet.com/images/game-category-m/Basketball3712.png]
[www.williambet.com/images/game-category-m/badminton3712.png]
[www.williambet.com/images/game-category-m/handball3712.png]
[www.williambet.com/images/game-category-m/eurovision3712.png]
[www.williambet.com/images/game-category-m/mma3712.png]
[www.williambet.com/images/game-category-m/soccer-big3712.png]
[www.williambet.com/images/game-category-m/game-13712.png]
[www.williambet.com/images/superbet-logo3712.png]
[www.williambet.com/images/backgrounds/gl-poker-tl-bg3712.jpg]
[www.williambet.com/images/backgrounds/gl-backgammon-tl-bg3712.jpg]
[www.williambet.com/images/backgrounds/gl-belote-tl-bg3712.jpg]
[www.williambet.com/images/backgrounds/gl-chinese-poker-tl-bg3712.jpg]
[www.williambet.com/images/backgrounds/skill-games-cta-buttons-bg3712.jpg]
[www.williambet.com/images/backgrounds/pokerklasspubg.jpg]
[www.williambet.com/images/games-page/poker-13712.jpg]
[www.williambet.com/images/games-page/chinesse-13712.jpg]
[www.williambet.com/images/games-page/belote-13712.jpg]
[www.williambet.com/images/games-page/deberc-13712.jpg]
[www.williambet.com/images/games-page/nardi-13712.jpg]
[www.williambet.com/images/games-page/ogwil-13712.jpg]
[www.williambet.com/images/games-page/keno-13712.jpg]
[www.williambet.com/images/games-page/checkers3712.jpg]
[www.williambet.com/images/games-page/russian-roulette3712.jpg]
[www.williambet.com/images/backgrounds/how-to-play-bg3712.jpg]
[www.williambet.com/images/backgrounds/how-to-play-mini-bg3712.jpg]
[www.williambet.com/images/backgrounds/bg-play-off3712.jpg]
[statistics.betconstruct.com/images/sh/0/1-252.png]
[www.williambet.com/skins/williambet.com/css/skin.min2e5f.css]
[www.williambet.com/css/fonts/{{env.lang}}.html]
[www.williambet.com/skins/{{conf.skin}}/css/fonts/{{env.lang}}.html]
[www.williambet.com/fonts/sport/fonts/icomoon3712.svg]
[www.williambet.com/fonts/icomoon/fonts/icomoon3712.svg]
[www.williambet.com/images/poker-page-new-tournaments3712.html]
[www.williambet.com/images/promotabbg3712.html]
[www.williambet.com/images/windows-icon-j3712.html]
[www.williambet.com/images/mac-icon-j3712.html]
[www.williambet.com/images/linux-icon-j3712.html]
[www.williambet.com/images/android-icon3712.html]
[www.williambet.com/skins/williambet.com/images/animation/stats_tl-hover3712.html]
[www.williambet.com/skins/williambet.com/images/tournament-bg3712.html]
[www.williambet.com/skins/williambet.com/images/bet-list-bg3712.html]
[www.williambet.com/skins/williambet.com/images/no-image-winnersn3712.html]
