[www.williambet.com/index.html]
[backblue.gif]
[fade.gif]
[index.html]
[www.williambet.com/favicon.ico]
[www.williambet.com/css/main.mina21b.css]
[www.williambet.com/css/fonts/{{env.lang}}.css]
[ajax.googleapis.com/ajax/libs/angularjs/1.5.0/angular.min.js]
[ajax.googleapis.com/ajax/libs/angularjs/1.5.0/angular-route.min.js]
[ajax.googleapis.com/ajax/libs/angularjs/1.5.0/angular-animate.min.js]
[ajax.googleapis.com/ajax/libs/angularjs/1.5.0/angular-cookies.min.js]
[www.williambet.com/skins/williambet.com/css/skin.mina21b.css]
[ajax.googleapis.com/ajax/libs/swfobject/2.2/swfobject.js]
[www.williambet.com/index.html]
[www.williambet.com/favicon.html]
[www.williambet.com/images/flagse9f0.png]
[www.williambet.com/css/main.mina21b.css]
[www.williambet.com/images/payments1e61.png]
[www.williambet.com/images/animation/ssoccer1fd3e.png]
[www.williambet.com/images/animation/gate_passive-lfd3e.png]
[www.williambet.com/images/animation/gate_passivefd3e.png]
[www.williambet.com/images/animation/soccer-timelinefd3e.png]
[www.williambet.com/images/animation/soccer-ball-bgfd3e.png]
[www.williambet.com/images/animation/tl-exchangefd3e.png]
[www.williambet.com/images/animation/s_ballfd3e.png]
[www.williambet.com/images/animation/stats_tlfd3e.png]
[www.williambet.com/images/animation/b_basketfd3e.png]
[www.williambet.com/images/animation/basketballfd3e.jpg]
[www.williambet.com/images/animation/basketfd3e.png]
[www.williambet.com/images/animation/vallfd3e.png]
[www.williambet.com/images/animation/t-fieldfd3e.png]
[www.williambet.com/images/animation/t-field-redfd3e.png]
[www.williambet.com/images/animation/t-field-greenfd3e.png]
[www.williambet.com/images/animation/classic/field-bg-patternfd3e.png]
[www.williambet.com/images/animation/classic/soccer-field-3dfd3e.png]
[www.williambet.com/images/animation/classic/gate-lfd3e.png]
[www.williambet.com/images/animation/classic/gate-rfd3e.png]
[www.williambet.com/images/animation/classic/tennis-field-3dfd3e.png]
[www.williambet.com/images/animation/classic/floor-bg-patternfd3e.png]
[www.williambet.com/images/animation/classic/basketball-field-3dfd3e.png]
[www.williambet.com/images/animation/classic/volleyball-field-3dfd3e.png]
[www.williambet.com/fonts/sport/icomoonfd3e.eot]
[www.williambet.com/fonts/sport/icomoonfd3e.ttf]
[www.williambet.com/fonts/sport/icomoonfd3e.woff]
[www.williambet.com/fonts/sport/icomoonfd3e.svg]
[www.williambet.com/images/mini-baner/footballfd3e.jpg]
[www.williambet.com/images/mini-baner/Tennisfd3e.jpg]
[www.williambet.com/images/mini-baner/Volley-ballfd3e.jpg]
[www.williambet.com/images/mini-baner/Volleyballfd3e.jpg]
[www.williambet.com/images/mini-baner/Ice-hockeyfd3e.jpg]
[www.williambet.com/images/mini-baner/Boxingfd3e.jpg]
[www.williambet.com/images/mini-baner/Basketballfd3e.jpg]
[www.williambet.com/images/mini-baner/Baseballfd3e.jpg]
[www.williambet.com/images/mini-baner/Rugbyfd3e.jpg]
[www.williambet.com/images/mini-baner/golffd3e.jpg]
[www.williambet.com/images/mini-baner/chessfd3e.jpg]
[www.williambet.com/images/mini-baner/Handballfd3e.jpg]
[www.williambet.com/images/mini-baner/Horse-Racingfd3e.jpg]
[www.williambet.com/images/backgrounds/error-ldfd3e.jpg]
[www.williambet.com/images/free-totalizatorfd3e.png]
[www.williambet.com/skins/williambet.com/images/live_casino_bg.jpg]
[www.williambet.com/images/poker-page-new-tournamentsfd3e.jpg]
[www.williambet.com/images/promotabbgfd3e.png]
[www.williambet.com/images/windows-icon-jfd3e.png]
[www.williambet.com/images/mac-icon-jfd3e.png]
[www.williambet.com/images/linux-icon-jfd3e.png]
[www.williambet.com/images/android-iconfd3e.png]
[www.williambet.com/app.min8133.js]
[www.williambet.com/fonts/icomoonfd3e.ttf]
[www.williambet.com/fonts/icomoonfd3e.eot]
[www.williambet.com/fonts/icomoonfd3e.woff]
[www.williambet.com/fonts/icomoonfd3e.svg]
[www.williambet.com/fonts/ucraftme-v1.eot]
[www.williambet.com/fonts/ucraftme-v1d41d.eot]
[www.williambet.com/fonts/ucraftme-v1.woff]
[www.williambet.com/fonts/ucraftme-v1.ttf]
[www.williambet.com/images/game-category/customfd3e.jpg]
[www.williambet.com/fonts/ucraftme-v1.svg]
[www.williambet.com/images/game-category/Football-bgfd3e.jpg]
[www.williambet.com/images/game-category/tennisfd3e.jpg]
[www.williambet.com/images/game-category/basketballfd3e.jpg]
[www.williambet.com/images/game-category/valleyballfd3e.jpg]
[www.williambet.com/images/game-category/tab_tennisfd3e.jpg]
[www.williambet.com/images/game-category/baceballfd3e.jpg]
[www.williambet.com/images/game-category/badmentonfd3e.jpg]
[www.williambet.com/images/game-category/boxfd3e.jpg]
[www.williambet.com/images/game-category/cyclingfd3e.jpg]
[www.williambet.com/images/game-category/footsalfd3e.jpg]
[www.williambet.com/images/game-category/ice_hockeyfd3e.jpg]
[www.williambet.com/images/game-category/horse_racingfd3e.jpg]
[www.williambet.com/images/game-category/snooker2fd3e.jpg]
[www.williambet.com/images/game-category/Cricketfd3e.jpg]
[www.williambet.com/images/game-category/rugbyfd3e.jpg]
[www.williambet.com/images/game-category/golffd3e.jpg]
[www.williambet.com/images/game-category/handballfd3e.jpg]
[www.williambet.com/images/game-category/b_Volleyballfd3e.jpg]
[www.williambet.com/images/game-category/Wrestling1fd3e.jpg]
[www.williambet.com/images/game-category/amer_fballfd3e.jpg]
[www.williambet.com/images/game-category/dotafd3e.jpg]
[www.williambet.com/images/game-category/league-of-legendsfd3e.jpg]
[www.williambet.com/images/game-category/star-craftfd3e.jpg]
[www.williambet.com/images/game-category/counter-strikefd3e.jpg]
[www.williambet.com/images/game-category/callofdutyfd3e.jpg]
[www.williambet.com/images/game-category/hearthstonefd3e.jpg]
[www.williambet.com/images/game-category/heroesofthestormfd3e.jpg]
[www.williambet.com/images/game-category/worldoftanksfd3e.jpg]
[www.williambet.com/images/game-category/overwatchfd3e.jpg]
[www.williambet.com/skins/williambet.com/images/animation/stats_tl-hoverfd3e.png]
[www.williambet.com/images/timeline/offsidefd3e.png]
[www.williambet.com/images/timeline/substitutefd3e.png]
[www.williambet.com/images/freebet-starfd3e.png]
[www.williambet.com/images/timeline/penaltyfd3e.png]
[www.williambet.com/images/timeline/angularfd3e.png]
[www.williambet.com/images/resizerfd3e.png]
[www.williambet.com/images/timeline/t-racketfd3e.png]
[www.williambet.com/skins/williambet.com/images/tournament-bgfd3e.png]
[www.williambet.com/skins/williambet.com/images/bg-button-betfd3e.png]
[www.williambet.com/skins/williambet.com/images/bet-list-bgfd3e.png]
[www.williambet.com/skins/williambet.com/images/no-image-winnersnfd3e.png]
[www.williambet.com/skins/williambet.com/images/logo3860.png]
[www.williambet.com/images/timeline/stats_tl.png]
[www.williambet.com/images/timeline/soccer-ball-bg.png]
[www.williambet.com/images/timeline/tl-exchange.png]
[www.williambet.com/images/backgrounds/about-bg1fd3e.jpg]
[www.williambet.com/images/backgrounds/about-bg2fd3e.jpg]
[www.williambet.com/images/backgrounds/about-map-bg.jpg]
[www.williambet.com/images/backgrounds/pool-betting-bgfd3e.jpg]
[www.williambet.com/images/backgrounds/pool-betting-bgfd3e.png]
[www.williambet.com/images/backgrounds/results-headerfd3e.jpg]
[www.williambet.com/images/game-category-m/defauldfd3e.png]
[www.williambet.com/images/game-category-m/game-live-footballfd3e.png]
[www.williambet.com/images/game-category-m/tennisfd3e.png]
[www.williambet.com/images/game-category-m/volleyballfd3e.png]
[www.williambet.com/images/game-category-m/beach-vballfd3e.png]
[www.williambet.com/images/game-category-m/Golffd3e.png]
[www.williambet.com/images/game-category-m/AlpineSkiingfd3e.png]
[www.williambet.com/images/game-category-m/Formula1fd3e.png]
[www.williambet.com/images/game-category-m/Baseball1fd3e.png]
[www.williambet.com/images/game-category-m/Snookerfd3e.png]
[www.williambet.com/images/game-category-m/HorseRacingfd3e.png]
[www.williambet.com/images/game-category-m/WaterPolofd3e.png]
[www.williambet.com/images/game-category-m/ice-hockeyfd3e.png]
[www.williambet.com/images/game-category-m/t-tennisfd3e.png]
[www.williambet.com/images/game-category-m/Basketballfd3e.png]
[www.williambet.com/images/game-category-m/badmintonfd3e.png]
[www.williambet.com/images/game-category-m/handballfd3e.png]
[www.williambet.com/images/game-category-m/eurovisionfd3e.png]
[www.williambet.com/images/game-category-m/mmafd3e.png]
[www.williambet.com/images/game-category-m/soccer-bigfd3e.png]
[www.williambet.com/images/game-category-m/game-1fd3e.png]
[www.williambet.com/images/superbet-logofd3e.png]
[www.williambet.com/skins/williambet.com/images/custom-footer-sprite.png]
[www.williambet.com/images/backgrounds/gl-poker-tl-bgfd3e.jpg]
[www.williambet.com/images/backgrounds/gl-backgammon-tl-bgfd3e.jpg]
[www.williambet.com/images/backgrounds/gl-belote-tl-bgfd3e.jpg]
[www.williambet.com/images/backgrounds/gl-chinese-poker-tl-bgfd3e.jpg]
[www.williambet.com/images/backgrounds/skill-games-cta-buttons-bgfd3e.jpg]
[www.williambet.com/images/backgrounds/pokerklasspubg.jpg]
[www.williambet.com/images/games-page/poker-1fd3e.jpg]
[www.williambet.com/images/games-page/chinesse-1fd3e.jpg]
[www.williambet.com/images/games-page/belote-1fd3e.jpg]
[www.williambet.com/images/games-page/deberc-1fd3e.jpg]
[www.williambet.com/images/games-page/nardi-1fd3e.jpg]
[www.williambet.com/images/games-page/ogwil-1fd3e.jpg]
[www.williambet.com/images/games-page/keno-1fd3e.jpg]
[www.williambet.com/images/games-page/checkersfd3e.jpg]
[www.williambet.com/images/games-page/russian-roulettefd3e.jpg]
[www.williambet.com/images/backgrounds/how-to-play-bgfd3e.jpg]
[www.williambet.com/images/backgrounds/how-to-play-mini-bgfd3e.jpg]
[www.williambet.com/images/backgrounds/bg-play-offfd3e.jpg]
[statistics.betconstruct.com/images/sh/0/1-252.png]
[www.williambet.com/skins/williambet.com/css/skin.mina21b.css]
[www.williambet.com/css/fonts/{{env.lang}}.html]
[www.williambet.com/fonts/sport/icomoonfd3e.svg]
[www.williambet.com/images/poker-page-new-tournamentsfd3e.html]
[www.williambet.com/images/promotabbgfd3e.html]
[www.williambet.com/images/windows-icon-jfd3e.html]
[www.williambet.com/images/mac-icon-jfd3e.html]
[www.williambet.com/images/linux-icon-jfd3e.html]
[www.williambet.com/images/android-iconfd3e.html]
[www.williambet.com/fonts/icomoonfd3e.svg]
[www.williambet.com/fonts/ucraftme-v1.svg]
[www.williambet.com/skins/williambet.com/images/animation/stats_tl-hoverfd3e.html]
[www.williambet.com/skins/williambet.com/images/tournament-bgfd3e.html]
[www.williambet.com/skins/williambet.com/images/bg-button-betfd3e.html]
[www.williambet.com/skins/williambet.com/images/bet-list-bgfd3e.html]
[www.williambet.com/skins/williambet.com/images/no-image-winnersnfd3e.html]
[www.williambet.com/skins/williambet.com/images/logo3860.html]
